242509453216_025 回 看 一下 啊 我 可以 看 一下 我们 的 宝贝 炼金术 啊 如果 要买 那 就是 我们 的 二十七 好 宝贝 的 宝贝 链接 党 如果 买 内衣 有 钢圈 选 二十八 没有 刚 捐血 二十六 啊 其实 他们 俩 的 区别 就是 有关 
242509453216_026 这 和 没有 钢圈 的 区别 嗯 是的 好 那么 接下来 其实 我们 要 给 大家 带来 一 款 适合 轻度 运动 型 的 内衣 请 我们 的 助理 小姐 帮 我们 生下 来 谢谢 啦 因为 现在 其实 女孩子 很多 都 比 
242509453216_027 然后 在 自己 的 身材 就是 哪怕 他们 不会 去 健身房 的话 有可能 自己 在家 里 做 一些 拉伸 啊 这样的 运动 对 你 跟 宝宝 们 可以 看 一下 这 款 是 适合 轻度 的 比如 说 拉伸 运动 的 运动 型 文胸 解 这 款 机 
242509453216_028 其实 也是 一个 非常 适合 你 日常 穿着 的 首先 运动 型 的 呢 所以 他 不带 任何 的 钢圈 舒适 度 非常 好 然后 再 加上 他 这个 杯垫 的 其实 是 属于 可以 有 这种 效果 呢 所以 说 技能 聚拢 显 
242509453216_029 人 才 又 能 舒适 度 贴身 让 你 感觉到 非常 的 舒服 所以 我 觉得 这 款 是不是 直选 对不对 对 那 还 用 一个 加宽 了 下 围 着 不大 可以 错位 也是 有 一定 的 啊 也是 有 一定 长度 的 
242509453216_030 就 说 哪怕 你 在 做 一些 拉伸 运动 你 把 它 外衣 穿 的话 不用 担心 会 走光 我 侧 漏 这样 对 宝宝 们 也 可以 看 一下 哦 这 款 其实 我们 原价 也是 三百 七十八 东西 活动 价值 将 一百 八十八 
242509453216_031 快 钱 超级 划算 我 觉得 只有 在 双 十一 还 能 以 这样的 价格 买 到 这 一块 其实 也是 我们 合作 的 铜矿 的 如果说 你 是 一个 平时 上班 的 白领 丽人 的 下班 之后 有 这个 稍微 的 给 
242509453216_032 自己 做 一些 舒缓 拉伸 行动 的 习惯 我 觉得 这 款 内衣 一定要 去 选择 啊 平时 上班 穿着 其实 它 的 颜色 也 很 素雅 的 哦 没有 一些 像 是 饿 粉丝 啊 灰色 会 像 我们 这 件 蓝色 搭配 在 我们 的 一些 
242509453216_033 上班 的 衣服 里 不是 不怎么 透 的 是的 而且 哪怕 你 外传 的话 我 不 这样 清新 的 颜色 也是 很 亮 眼 的 事 的 嗯 宝宝 们 可以 看 一下 啊 最近 原价 是 三级 吧 现在 活动 价 是 一 把 吧 我 可以 看 下 宝贝 链接 
242509453216_034 二十五 号 宝贝 链接 啊 你 是 谁 只 讲 最后 几个 小时 了 好 吧 我 说 防 下垂 吧 因为 他 是 加宽 了 下 我 的 所有 的 宠 脱离 完全 不会 因为 他 没有 钢圈 而 减少 啊 所以 说 的 是因为 你 在 拉伸 的 时候 
242509453216_035 我 万一 啊 我们 的 这个 下午 也 没有 做好 的话 是非 常 容易 我们 的 胸部 贯穿 的 所以 说 呢 我们 之所以 是 说 你 在 做 轻度 运动 时候 也 可以 用 就是 帮 大家 方方面面 都 想到 了 好 么 其实 跟 捐款 呗 
242509453216_036 方向 的 呢 我们 还有 一 款 推荐 听 我们 小姐 帮 我们 拿 一下 啊 好 厉害 内衣 跟 我们 刚刚 介绍 这个 唯一 的 区别 就 在于 我们 现在 给 大家 上 这 款 恶 变 的 会 稍微 的 一点 其他 都是 一样 的 
242509453216_037 颜色 其实 选择 也 非常多 这个 相对 于 宝贝 店 的 呢 其实 是 在 我们 的 二十四 号 便捷 对不对 对 的 二十四 号 啊 也是 我们 和 最 童话 的 如果说 你 喜欢 我 被 电脑 卖 二十四 喜欢 谁 
242509453216_038 我 要 厚 一点 杯垫 这种 效果 的 卖 二十五 任教 的 还 可以 就 选 一下 那么 其他 的 特性 都是 一样 的 也是 和 大家 去 做 我 这个 亲 的 拉伸 运动 的 认识 的 然后 脑袋 问道 透气 性 的 问题 我们 这样 
242509453216_039 不管 都是 适合 在 运动 的 时候 穿 的 因为 那时候 我 肯定 会 出汗 吗 所以 说 我们 的 这 两 款 啊 适合 轻度 运动 的 它 的 透气 性 都 非常 的 好 如果 你 实在 是 想要 这种 偷袭 是非 常 高 的 也 就 选择 我们 
242509453216_040 这 一 款 因为 它 是 薄 一点 的 像 你 刚刚 那 话 来讲 他 都会 就会 更好 一些 似的 那么 也是 给 大家 带来 了 一 款 权限 内裤 啊 这 款 内裤 其实 大家 可以 买 跟 我们 这 件 内衣 是 完全 很 像 是 全套 的 对 而且 
242509453216_041 他 也是 一个 舒适 度 面料 的 好 吧 我们 也 可以 看 一下 这个 也是 重要 内裤 舒适 感 非常 好 后面 包 臀 包 的 其实 也 很好 如果说 平时 穿 不 惯 这种 比如 说 蕾丝 啊 或者 说是 半 包 臀 的 我 觉得 这种 
242509453216_042 类 库 非常 好 选择 啊 这个 那个 啊 现在 也是 有 优惠价 原价 九十八 双 十一 十五 条 二 二八 的 价格 如果 把 我们 叠加 我们 的 优惠券 加进 去 一起 购买 其实 更 划算 更 让 我 整个 下午 的 地方 吗 
242509453216_043 也 同样 是由 我们 维密 的 一个 字 就 打 一个 龙 果 的 看到 了 而且 我 觉得 这个 配色 白色 喷 配上 粉色 的 狗 狗 就 很 少女 的 而且 也 可以 看 一下 啊 我们 的 内衣 是 在 我们 二十四 号 宝贝 链接 内裤 
242509453216_044 在 二十三 号 宝贝 链接 就 那个 护士 比 刚刚 我们 的 这个 任务 路过 的 内裤 还要 便宜 着 刚刚 字母 都 过 内 挑 事儿 吧 这个 五 条 把 更加 优惠 才 更加 划算 是 吗 
242509453216_045 回 看 一下 如果 跌 了 我们 直播 间 的 优惠券 叠加 我们 购物 今天 比如 说 痛 过 单 阿姨 买 性价比 会 更 高 那 也是 跟 大家 说 一下 如果 现在 你 在 我 的 购物车 添加 时间 把 截图 发给 客服 为 零 
242509453216_046 去 到 一百 劫 五百 件 一百 的 大鳄 优惠券 然后 没有 宝宝 说 啊 他说 有的 没有 了 那 我们 还 会 补货 吗 谁 不会 老 王 的 爱情 的 颜色 选择 白色 
242509453216_047 之外 还有 一个 淡雅 的 粉红 还有 基础 打底 的 黑色 啊 非常 好看 颜色 非常 的 多 如果说 黑色 没 货 了 是不是 昨天 卖完 了 哦 那 就 很 可惜 我 其实 觉得 我 这个 白色 是 最 喜欢 
242509453216_048 因为 我 觉得 你 这个 平时 自己 如果 运动 健身 的话 你 可能 也 会 买 一些 就是 颜色 稍微 比如 说 亮丽 一点 的 穿 在 健身房 对 班 女生 就会 选 比如 说 颜色 亮丽 的 要么 就是 颜色 的 黑白 多 学 多 话说 
242509453216_049 你 穿 亮丽 的 用 白色 的 里面 做 内 搭 还是 说穿 我们 的 黑白 撞 色 或者 浅红 色 如果 觉得 很 合适 啊 那 我们 又 发 优惠券 了 咱们 赶紧 点 立即 向 别的 方向 就 可以 领到 了 如果 他 不 点 的话 我们 
242509453216_050 挂 自动 领取 的 那 一天 的 优惠券 是 只要 满 九十九 就 盔甲 二十 年 我们 刚刚 介绍 的 所有 强 的 女生 都 可以 叠加 使用 啊 然后 我 没事 可以 和 津贴 叠加 使用 的 所以 说 乖 宝宝 们 啊 赶紧 下单 啊 赶紧 下 
242509453216_051 但 因为 马上 双 十一 就要 过去 了 那么 接下来 我们 再 来 换 一块 
