242402644233_000 我 还没有 讲到 呢 还 远 着呢 你 没用 话 看 一下 哈 那个 工作 打的 会 比 我 讲 会 这 套 刷子 就是 如果说 你 想 化妆 吗 双 十一 之后 我们 直播 间 反正 就 一直 和 化妆 去 讲课 了 要不要 美 取决于 你 女人 化 不 化妆 的 差别 真的 很大 
242402644233_001 开播 之前 我 还在 看 就是 我 一直 说 的 我 很 喜欢 那个 模特 我 的 我喜欢 的 那个 姑娘 然后 呢 我们 一群 人 都 围 在一起 看 然后 有人 开启 当 开始 等级 的 键盘 侠 就 说 你 是不是 喜欢 他 这么 丑 啊 只要 下 一 秒钟 她 化 完 妆 以后 
242402644233_002 哇 后面 总有 点 好看 的 哦 就是 没有 丑 女人 只有 懒 女人 所以 呢 想 不想 让 自己 变 漂亮 取决于 你 愿 不愿意 去 做 改变 那 花招 最后 那些 说 我 化 个 妆 只要 十分钟 的 
242402644233_003 并没有 发现 我 最近 上学 期间 不 化妆 实在 是 没有办法 慢慢 教 超 快速 的 差不多 五 分钟 一个 眼影 五 分钟 一个 打底 就 打 完了 对不对 你 说 化妆 会 超 快 超 快 撑死 了 十五 分钟 时间 说 是因为 我 把 钱 都 上交 给 你们 直播 间 了 
242402644233_004 我 的 进入 我们 金主 爸爸 的 口袋 里 一系列 呀 进去 吧 白 开心 给 我 发 点 钱 啊 然后 这支 化妆 刷 的话 跟 你们 说 这个 真 敢 打保票 的 绝对 好用 今年 最为 廉价 了 
242402644233_005 大 带 刷 包 食物 之下 你 十 块 钱 你 的 所有 刷子 这里 全都 有了 物质 的 手柄 纤维 毛 但是 抄 书 对 这 是 我 最 推荐 了 一套 刷子 有的 说 矮 长得 有点 丑 长得 有点 丑 的话 那 你 就 把 他们 漂亮 的 那是 最 到现在 
242402644233_006 谁 是 最高 最 喜欢 的 今天 到手 价 七十 块 钱 有的 人 喜欢 粉红 的 这样的 就是 原木 掉 就 跟 老年人 我妈 妈 一样 的 就是 我 卖 我 我 装修 房子 呢 喜欢 小清新 啊 北欧 风 啊 
242402644233_007 爸妈 最 喜欢 什么 原木 掉 对不对 木头 那种 紧紧 的 男的 我 想 慕 还原 到 最初 最 经典 最 耐看 的 最多 选 那 就是 将 贼 头头 杀 然后 买 大 沙包 的 只要 七十 块 钱 对 几十 块 钱 
242402644233_008 中 到手 假期 时候 大家 对 哦 直接 拍 就 不会 啦 卖 十五 只 带 刷 包 热销 最低 价 是 八十九 带 刷 包 但是 七十 块 钱 对 最低 最低 价 是 好 链接 哦 关系 之后 来 直播 间 对 佛学 
242402644233_009 张 的 风霜 期间 来 直播 间 学 之后 我 的 化妆 水 之后 消息 之后 我们 等到 嗯 外面 出去 旅游 回来 了 以后 呢 就会 开播 前 不 化妆 对 呢 我们 再 来讲 点 讲 的 课 啊 我 也 觉得 还没有 买 够 
242402644233_010 我 也是 当 什么 你 跟 我 说 我 给 你 挂 出来 你 缺 什么 你 说 我 立马 给 你 找出 来 这边 有 一二 三 让 小伙 伴 在后 面 等 着 上班 的 那个 劝 你 快点 联系 客服 爱 你 找 他们 客服 哪 啊 下一个 十三 号 领 钱 
242402644233_011 相册 吗 好多 人 买 哦 但是 我们 直播 间 好像 没有 人 买 那个 卖 了 还 想 买 我家 那是 张 链接 哦 十三 号 链接 就是 娇 兰 的 珠宝 及 口红 还是 珠宝 级 的 哦 然后 呢 他 是 这样子 的 
242402644233_012 麦可 跟 内心 里 可以 换 的 你 可以 一直 咳 配 十个 行动 没关系 你 可以 买 一只 新的 一只 可 师资 烤 红星 都 没关系 的 对 红心 上 也有 盖子 的 就 简陋 一点 在家 里 可以 都安 排 排 站 你 只要 一个 可就 
242402644233_013 给 通用 啊 然后 十三 个 链结 她 外面 是 就是 收纳 珠宝 几个 晚上 他 带 一个 镜子 这样 啊 这样子 的 有 不同 不同 不同 的 盖子 这个 是 在 十三 行 的 啊 链接 只 知道 链接 也有 
242402644233_014 这样的 大理石 的 这个 我 觉得 蛮 文雅 的 嗯 我 自留 都是 这支 壳子 嗯 我 知道了 这 一次 我 觉得 他 就是 拿手 直接 拍卖 十五 只 带 刷 包 了 只要 七十 块 钱 我 觉得 这个 拿出 来 会 比 显得 比较 道士 就是 有志 
242402644233_015 展 会 显得 你 有 什么 一 条 卖 壳 做 什么 这个 你 可以 买 车 那 就 给 我 拍 的 因为 胶南 的 口红 湿润 的 且 不怎么 掉色 的 相对论 的 不怎么 驼色 的 然后 呢 他 的 那个 嗯 心 的话 有 很多 就是 了 
242402644233_016 你 可知 有 很多 种 很多 种 你 全部 都 给 自己 配 他 外 有一些 游戏 很多 都 断货 了 呢 不 去 那些 有 有一些 多多 来看 下 啊 要是 貌似 很好 看 典型 的 二 妖 
242402644233_017 字号 和 啊 要是 我 的话 南京 可以 进步 多 了 真 不 多 了 然后 我 超 喜欢 这个 我 自留 的 是 这个 白 百里 十 有 就是 这个 这个 白云石 我 加 白术 我 好色 啊 
242402644233_018 那 白云 时 我 就 跟 我 有 给 你们 试 一下 这个 四十五 好色 啊 
242402644233_019 眼影 刷 单独 的 没有我 没有 你 更 没有 了 我 我 不知道 是 谁 跟 你 的 勇气 让 你 说出 你 可以 给 他们 挂 链接 这 句 话 啊 梁静茹 梁静茹 吧 那样 就 我 没 答应 啊 你 刚 自己 说 
242402644233_020 那 你 可以 给 他们 挂 链接 我 真的 不知道 是 谁 给 你 还 说 那么 多 等 下 口罩 呗 啥 口罩 我 没有 啊 明星 的 完 后 另一 位 上一个 口罩 很好 白云 的 白云 许多 你 有没有 链接 
242402644233_021 我 来 给 你 收 下 那 口罩 加湿器 口罩 我们 也 得 买 那 
242402644233_022 我 上次 买 了 喝 了 很多 哦 帮 不了 是 吧 
242402644233_023 哦 我 先 看 一下 啊 不 抓 怎么 拍 啊 我 就 还 得 进来 看 一下 怎么 拍 啊 五十九 号 链接 今天 到手 价 是 令 二水 邮件 联系 客服 把 班 里 联系 客服 另一 招 
242402644233_024 二十 元 券 另外 优惠券 以后 直接 拍 然后 还有 那个 
242402644233_025 找 
242402644233_026 我们 要买 的 买家 是否 真实 自述 我 好 连接 就 非常 非常 嫩 的 一个 橘红 色 他 的 整个 你 怎么 叠加 它 颜色 都是 会 偏 浅 一点点 的 他 不会 饱和 度 太 高 显得 太过 遥远 
242402644233_027 所以 这个 超 推荐 这个 怎么 拍 啊 这 句 的话 直接 拍 这支 阿 娇 兰 的 口红 是 直接 拍 哦 直接 拍 就好 了 哎 喜欢 的 颜色 就 行 啊 这 是 在 十三 号 连接 最远 的 口红 对 十分 漂亮 
242402644233_028 链接 你 可以 别说 颜色 有 好几 个 口红 颜色 喜欢 的 你 可以 先 买 那个 新星 买卖 可以 买 几个 心 就好 了 吃 的 是 吧 就是 你 有 不同 颜色 的话 就是 你 买 你 买 一个 壳 就 够 了 可以 配 不同 的 颗 红心 哈 
242402644233_030 接下来 接下来 
242402644233_031 哪里 啊 什么 啊 下一个 是 十五号 链接 的 弟弟 家的 帽子 好 二十八 速冻 小看 小视 拨号连接 二十八 没 教 好 讲到 做 给 你们 发 优惠券 好不好 这 是 一家 的 帽子 他们 家的 帽子 呢 
242402644233_032 去 这个 是 纯 羊毛 的 百分百 羊毛 的 非常 的 暖和 许多 我 扎 辫子 
242402644233_033 你 咋 变 的 好 
242402644233_036 但是 国内 数一数二 的 帽子 帽子 至少 制造商 然后 他们 的 这个 帽子 的话 国内 的 第一 家 帽子 博物馆 就是 游戏 的 家具 做 的 那 然后 呢 他们 给 很多 的 就是 香 妃 啦 呀 像 李维 
242402644233_037 是 呀 嗯 冠军 啊 都 给 他们 做 代 加工 回到家 品质 你们 可以 绝对 放心 只 看 款式 不喜 欢 啊 仙女 啊 好看 啊 啊 啊 这个 是 在 
242402644233_038 所以 我 好 链接 啊 做好 链接 的 纯 羊毛 的 这个 帽子 啊 然后 他 戴上 以后 你 不会 觉得 很 高雅 读 对 他们 优雅 的 感觉 让 一下 这个 瀑布 的 毛衣 都 写 的 高级 都 显得 很 贵 呢 
242402644233_039 然而 水 然后 可以 给 我 泡 这个 毛 也 放在 了 边 上 那位 有 这个 丝带 做 装饰 蜡像 特写 好 或者 丝带 做 装饰 然后 这边 还 会 有一个 小 金属 的 点缀 
242402644233_040 质感 非常 好 百分百 纯 羊毛 一家 帽子 是 百分百 纯 羊毛 的 非常 的 暖和 我们 之前 在 韩国 遇到 了 一个 叫 我们 去 参加 活动 的 时候 有一个 又 一个 一个 
242402644233_041 的 一个 小姐 给 了 对 他 就是 我们 看不到 他 的 脸 我们 只 看到 他 的 这个 一个 渔夫 帽 之下 露出 那种 淘 友 细致 啊 我们 全程 的 所有 人 眼睛 都 被 他 吸引 住 了 她 穿 的 很 简单 很 简单 但 就是 带 了 这么 一个 吗 
242402644233_042 耗子 然后 露出 了 一声 嘴巴 哇 我们 所有 人 都 看着 他 气质 好 好好 对 颜色 是 我们 推荐 第一 个 眼色 吧 奶茶 色 很 耐穿 茶色 玻璃 挺括 有 吗 来 奶茶 奶茶 奶茶 了 
242402644233_043 不是 对 买 奶茶 色 大家 买 奶茶 色 哦 另外 颜色 就 不 太 深 了 点 看 你们 自己 喜欢 吧 对 自己 喜欢 的 颜色 奶茶 社区 都 有毒 看了 又 想 买 真的 很好 看 真的 尤其是 你 懒得 化妆 的 时候 你 帽子 一 大 
242402644233_044 这 口红 一代 因为 总有 马洪 意图 超 酷 的 这 是 在 那个 十五号 链接 的 湿地 的 纯 羊毛 的 帽子 就 帽子 怎么 拍 了 一 张 十 块 钱 优惠券 到手 价 一百 三十一 一百 三十一 纯 羊毛 的 
242402644233_045 三 夭 夭 夭 啊 一百 三十一 块 钱 而且 不 挑 衣服 的 那 几天 我们 都是 随便 乱 穿衣 服 都 都 答 得 挺好 看 的 一百 三十一 快 起来 啊 宝贝儿 美白 请看 五号 家里 哎 
242402644233_046 一下 两下 一个 哦 好 下一个 讲 一下 食疗 好 领结 的 欧 就 得 防 蓝光 眼镜 好 优惠 信息 啊 你们 看 申 花 脑筋 问 陈 华 问 一下 陈 华 给 他们 会 想到 许多 安娜 柏林 的 橙 花 啊 
242402644233_047 怪 侠 链接 好 了 来 我们 来看 夏 鸥 就 得 这 是 一个 防 蓝光 眼镜 也有 电脑 应该 很多 人 没有 拍 到 这 一 款 呢 款式 比较 特别 的 下面 是 方 的 下面 是 圆 的 而且 周围 有 
242402644233_048 一 颗 珍珠 跟脚 哦 哦 这 家 眼镜 它 的 质感 眼睛 质感 特别 好 我 根本 拉 下 细节 我们 请看 重赏 小我 吧 明天 昨天 领奖 他 只要 有 颗 珍珠 
242402644233_049 然后 琥珀 色 的 然后 呢 他 的 整个 做工 也 很好 看 一下 
242402644233_050 中奖 彩民 来说 说 现在 中 什么 最 值 哦 这支 边框 做 的 那种 有点 硬 有点 相同 的 就是 那种 古老 的 铜 的 复古 的 感觉 哎 颜色 对 对 但是 他 严肃 又 好像 有点 像 母爱 
242402644233_051 感觉 特别 高级 很 高级 而且 后面 还 排 了 一个 珍珠 对 很 有 调 性 然后 这个 戴上 这 副 眼镜 问 的 人 多 今天 真的 不行 哦 这种 人 比 昨天 这 款 眼镜 的话 它 它 的 质感 特别 好 真的 像 磨砂 的 东西 
242402644233_052 就是 上面 视频 呢 下面 是 圆 的 富 一代 问 的 人 这 比 昨天 那个 部位 啊 然后 还是 一样 的 我 建议 大家 买 这 颜色 这个 颜色 也 挺好 看 的 一般 都会 把 我们 最 推荐 脸色 带 出来 对 这些 挖 防 蓝光 镜片 哦 
242402644233_053 最 美 那个 耷拉 败家 也 败 的 人 所以 这 眼镜 黑色 
242402644233_054 就是 小 不会 想要 黑色 就是 斯文 就 不会 增长 不 中 那种 境况 基本上 就是 来客 对 尊严 敬献 的 官 对 你 眼睛 骗子 官 当 一个 都 不会 重 的 对 然后 这个 呢 
242402644233_055 是 他 的 有一些 重视 以为 近景 会众 近况 起 不到 厚重 的 嗯 现在 镜架 镜框 都 清 了 因为 哥 到 鼻子 这边 很难 看 呢 其实 相对 来讲 的话 呢 就是 我们 觉得 这 只 眼 则 会 不大 挑 人 
242402644233_056 对 这 款 是的 是的 我 也 去 哪 买 这 只 真的 给 她 买 这 只 眼珠 的 颜色 可能 那是 最 不 挑 人 的 一个 地方 眼镜片 碑文 抠 掉 了 哈 你们 面对 着手 机 看 直播 呀 看 电脑 啊 恶毒 的 说 没有 吗 没有 吧 
242402644233_057 什么 都会 带上 好 然后 这个 是 在 十六 了 那些 欧洲 国家 的 防 蓝光 眼镜 最后 四个 小时 时间 今天 到手 价 邀 舞 就 另一 张 是 水货 券 领 完 以后 最终 到手 价 
242402644233_058 是 一百五十 九 块 钱 正好 链接 哦 那 资料 链接 最终 到手 价 是 要 五 九 九 块 钱 推荐 质检 走开 在 什么 无尽 的 发型 有点 像 温 碧 霞 
242402644233_059 开县 一零 二 丫 惊慌 啊 推荐 雅 金卡 啊 我 受不了 
242402644233_060 这么 说 我 你 都 能 忍 的 啊 唉 真 得 回来 
242402644233_061 你 再 强 一点 五 期间 为了 我们 一个 让 我们 觉得 难以 接 的话 题 就这样 他说 他说 我 长发 好看 拿 许多 没有 抬头 因为 没有 看到 她 裙子 好看 啊 你 五官 这么 好看 肉鸡 默默 地 回 过头 当时 他们 的 所在 
242402644233_062 两 岁 多 我 这样 好看 的 沉默 
242402644233_065 那 你 五官 好看 的 发型 不好 看 请 找到 合适 你 的 发型 好不好 啊 不要 来说 堵 我们 的 眼睛 好不好 
242402644233_066 就是 因为 我们 真的 太 难 啦 你们 买 完 他 就 翻脸 了 啊 啊 啊 他们 就是 这样 在 买 完 东西 就 翻脸 了 他 又 开始 调戏 她 了 来 今天 来 我们 这 就 走 啊 我 有 你 
242402644233_067 长发 的 照片 上 长发 让 要嘛 不想 要 再不 想 看到 回忆 过去 啊 十七 号 链接 来 挖 回去 种 香菇 沐浴露 来 用 俩 发下 来了 
242402644233_068 我 卷 咽 进 境 光溜 训练 打下 近光灯 近光灯 却 给 他 发 消息 好 
242402644233_069 接下来 的 时间 要 链接 的 身体 乳 我 这个 身体 乳 啥 表现 今天 晚上 小 哥哥 再 给 你们 唱歌 
242402644233_070 这个 是 山地 入 十七 号 链接 妖姬 旗下 的 安保 的 香水 身体 弱 借款 屈 臣 氏 卖 的 很 爆 很 抱歉 因为 性价比 非常 高 就是 如果说 你 路过 他 的 实体店 的 
242402644233_071 是 啊 是 啊 你 如果 它 的 专柜 然后 你 随手 一 抹 你 基本 就 下单 了 原价 下单 对 而且 我 真的 就是 那 很 贵 我 给 这些 价格 我 觉得 能干 班会 可以说 的 就是 超 贵 而且 不能 有 折扣 的 当 我 看到 武器级 
242402644233_072 和 机头 吧 医疗 的 那 一瞬间 我 立马 就 连夜 走 打车 占 座 站票 走 的 但是 如果 你 再 去 城市 碰到 是 安保 的 你 随手 一 抹 分 分钟 前 就 出去 了 站票 的 
242402644233_073 就 想 一 想 听不懂 啊 文化 程度 太 低 了 就是 看到 你 的 那个 样子 我 就 吓 得 赶紧 连夜 逃跑 你 知道 吗 但是 你 摸 过 这个 以后 的 哦 哦 我 知道了 啊 好好 笑 
242402644233_074 我 现在 连 起来 
242402644233_075 神经病 啊 然后 催款 的话 这样的 事 很 香 而且 他 特别 润 不 上朝 妞妞 的 也 不是 那种 说 还有 还有 就是 你 抹 完 之后 身上 的 味道 会 很 香 很 保湿 强 而且 他 的 味道 是 那种 清新 
242402644233_076 真的 想 因为 他 退出 中国 浪费 完了 说 他 退出 中国 的 不是我 为什么 没有 就算 是 也 没有 来 找 我们 呀 他 知趣 地 退 了 退 了 他 然后 今年 是 买 一 瓶 买 一 瓶 就 赠送 了 一个 五十 毫升 的 小样 
242402644233_077 我 看 一下 啊 唉 她 退出 中国 了 在 说 对 中国 的 我们 也 不知道 人家 内部 总有 又 宗 中 总有 人家 自己 拿 的 反正 也 不是 也 不是我 们 那 牌子 我 还 怎么 就 知道 安慰 麦 麦 饼 做 赠送 一百 毫升 吗 
242402644233_078 两 瓶 赠送 两百 毫升 今天 的话 是 一 瓶 是 四百 毫升 过大 家 二 一平 是 四百 毫升 对 然后 呢 下单 备注 啥 米 啊 再 赠送 两 瓶 五十 毫升 的 身体 乳 好 吧 最终 到手 价 是 四十九 
242402644233_079 快 钱 还好 我 还有 存货 的 眼霜 给 他们 发 优惠券 
242402644233_080 卖 面膜 眼 膜 面膜 伟大 的 发现 
242402644233_081 安保 的 香水 是 妞 怎么 还 看着 评论 邪 影 依然 看 评论 哈 你 大都 在 跟 你 给 你 出主意 然后 这 是 安保 的 的 香水 身体 乳 它 事件 直接 拍 就好 了 到手 价 是 四十九 块 钱 失效 链接 四十九 块 钱 两 名 
242402644233_082 四十九 块 钱 两 瓶 备注 他们 压价 真的 是 什么 
242402644233_083 再 送 五十 毫升 两 瓶 送 两个 误伤 了 我 真的 好 爱 你们 吃饭 昨天 回放 正好 坐 在 挂 着 吧 这 太 好 只 会 还 上 买 
242402644233_084 没有 优惠 了 哦 下一个 这个 又是 一个 必 拍 品 这 你们 都 拍 了 吗 我 怕 啊 我 也 拍 了 最后 我 拍 了 后 在 上次 我们 就 都 拍 了 哦 性价比 超 高 的 夏天 马上 要 到 那个 班 性价比 超 高 的 
242402644233_085 是 水杨酸 身体 乳 冬天 很 冷 啊 夏天 嘛 现在 还是 未来 的 他 不会 来 对不对 是 啊 但是 你 到 夏天 来说 双 十一 就 过去 了 对 他们 不能 一起 来 就是 露 德清 的 水杨酸 的 沐浴 
242402644233_086 陆 家的 百分之 二 浓度 的 水杨酸 妹夫 不要 用 别人 都 能 用 背 上 有 疙疙瘩瘩 的 全都 可以 用 毛线 的 他 是 那个 你们 家的 葡萄 又 那个 味道 也是 很好 闻 的 味道 啊 今天 最后一天 不 存在 一点点 的 好喝 的 饮料 喝 吗 
242402644233_087 那 要不要 再 来 给 你 添 什么 饮料 还有 钱 吗 我 给 你 吧 我 说 点 嘛 人家 人家 人家 啊 那 我 来 顶 我 来 的 然后 他 就会 倒是 吸引 了 多 到 最后一天 误机 都 能 把 我 赶走 那 独当一面 了 
242402644233_088 接下来 的 一 夜 长大 如果 你们 背后 有 那些 被 多 的话 用 这个 是 我们 自己 拿 到手 了 所以 我 觉得 味道 特别 好闻 它 它 里面 还有 颗粒 洗 完 以后 你 整个 身上 我 就 特别 特别 
242402644233_089 清爽 而且 性价比 很 高 大概 要 先 到 我 这 味道 都 觉得 我 听到 我 说什么 都 没有 了 四 道 都 没有 了 市面 上 多 有 更多 全都 没有 了 看书 也好 玩 对 最终 在 时报 链接 人人 避开 那个 贿赂 你 一定 
242402644233_090 试 一下 这 只 狮子 不要 太 清爽 啊 不要 太 好 的 以后 不要 用 别的 都 没事儿 对 特别 是 背后 有 那些 小动作 小伙 伴 小 颗粒 不光 滑 的 啦 但是 最 让 这些 听 的话 是 两百 五十 毫升 到手 价 只要 四十九 块 钱 
242402644233_091 他 第一 天上 时 我 就 拍 了 下 还是 四十九 嘛 见 还是 九 支队 时报 链接 今天 到手 价 是 四十九 块 钱 不是我 说 的 第一 天 拍 了 哦 要 入会 的 要 入会 因为 不 缺 吗 
242402644233_092 哎 刚 发下 吧 因为 我 这样的 发现 不要 误会 了 啊 发 一 张 十 块 钱 优惠券 领 完 以后 直接 拍 宝贝儿 你 看 瞬间 四千 多 屏 就 没了 必须 的 那么 好用 啊 笑 死 了 
242402644233_093 因为 脸 部 都 没有 了 四 点 多 闻 一下 就 有 这种 可能 的 就是 特别 是 那个 背后 有 被 逗 得 来 你们 那 你们 看 自己 的 妹妹 啊 姐姐 啊 买 两 瓶 那些 买 两 瓶 哦 
242402644233_094 就会 被 人 误会 好 了 后路 会 把 我们 的 券 不能 用 两 瓶 的 啊 我们 的确 不能 用 两 瓶 就 贵 吧 入会 化解 十 块 钱 优惠券 领 完 以后 到 入会 我 教 你 怎么 入会 这 瓶 吊 牌 不然 我 就 不想 教 你 啊 来 店铺 首页 打开 
242402644233_095 打开 着 这边 有 个 立即 入会 就 能 领到 十 块 钱 优惠券 领 完 以后 直接 拍 啊 我 告诉 你 不要 告诉 别人 别人 都是 五十九 拍 的 我 告诉 你 是 就 拍 了 哦 最后 四个 小时 哦 是不是 就 排 了 萧 强 让 平壤 品牌 四十九 块 钱 买 一 盆 啊 
242402644233_096 哦 你 怎么 会 傻 的 人 好多 酒店 开 店铺 首页 这边 有 个 立即 入会 店 开 着 领 十 块 钱 我 劝 你 就 买 一 瓶 就 行 试试看 拉 下次 你 如果 好用 的话 我们 啊 等 明年 双 十一 再见 那 简单 问 医生 有没有 挂 一个 啊 
242402644233_097 来 问 一声 有 小伙 伴 都 来 玩 一次 给 他 挂 下 三 色 的 想法 还是 今天 晚上 反正 都 满足 大家 想 挂 啥 挂 啥 下一个 啊 下 个 私 教 好 硬件 也 要 贴 的 就是 洗面奶 
242402644233_098 话 还 用 说 吗 强 卖 不 就是 大都 用 过 的 吗 十 秒钟 自动 发泡 的 氨基酸 洗面奶 这 件 事 就算 洗面奶 相比 差别 但是 在 洗面奶 的 区别 是 什么 这里 面 加 的 木瓜 蛋白酶 发泡 所以 他 可以 温和 代谢 角质 代谢 角质 呢 是 贼 呢 
242402644233_099 额 的 就 跟 那个 在 那 好 的 酵素 洁 面粉 一样 通过 蛋白酶 去 角质 会 逼 你 去 物理 去 角质 啊 什么的 去 角质 温和 得 多 得 多 多 他 就会 帮 你 把 你 的 脚 这个 渠道 和 这 小子 不会 去掉 的 所以 能 每一 天 都 能 用 干面 皮 油 都 去 全部 都 能 用 
242402644233_100 有 一种 氨基酸 洗面奶 啊 那 然后 启用 使用 感受 很 爽 上人 以后 就会 自动 发泡 嗯 嗯 然后 叫号 领结 啊 就 不用 讲 我们 美 妆 店 开业 到现在 
242402644233_101 卖 过 无数 次 了 当时 淘 宝 还 没 人 买 啊 然后 来 美 在 美国 给 他 带 过来 的 后来 她 突然 成了 网 红 红 的 那个 他 是 最 早 发泡 晚会 三十 秒 发泡 忽然 成了 网 红 以后 全 网上 购物 
242402644233_102 这 价位 全都 有 对 会 出现 各种 假货 你 看 正品 十九 块 十九 号 链接 哦 今天 是 两百 零 几 毫升 的 两百 零 几 毫升 的话 是 多少 钱 我 看 下 孕妇 一般 要 吧 他 就 应该 是 这个 价格 的 孕妇 放心 用好 了 
242402644233_103 嗯 然后 那个 眼镜 啊 眼镜 的 优惠券 了 再 来 播 引进 了 劝 你 来 捞 眼睛 的 优惠券 要 眼镜 优惠券 啊 我 就 真的 很好 吃 呢 但是 没 优惠 了 你 要不要 很好 吃 帽子 没有 链接 了 没有 优惠 了 链接 是 有的是 昨天 
242402644233_104 以前 的 事 没 和 老师 教 他 廉洁 怎么 拍 
242402644233_105 今天 你 是 吗 十 块 钱 优惠券 另外 不在 以后 两百 零 几 毫升 到手 价 是 一百四十 八 到 洗面奶 中 都 需要 但 你 不会 认真 一品 居 用 的 对 吗 
242402644233_106 反正 你 到 最后 自己 选 我们 自己 喜欢 用 了 我们 要 发 时 就 号令 气流 会 劝 老板 啊 我 要 选 也 要 贴 的 优惠券 哦 我家 吧 下 一 帖 优惠券 时 会 显示 一 条 贴 优惠券 我 也 没有 链接 唯独 为由 挂 不了 给 你 
242402644233_107 扫地 机 啊 上次 那个 扫地 的 什么 牌子 
242402644233_108 多 好 几个月 之前 
242402644233_109 什么 公司 来着 克斯 给 我 试 过 四个 字 但 那 都是 你们 先 别 挂 哦 她 有没有 参加 什么 好 然后 我们 这个 圈 当 领到 了 吗 全都 铃铛 吗 五十九 还 不知道 混 才 到 十九 日 白 
242402644233_110 十九 号 的 券 都 领到 了 吗 你 到了 那 人 啊 身体 乳 在 香香 不了 多少 就 像 今天 这样子 的 在 零点 零 零点 零 香水 的 香 辣 的 香水 香 但 也 没有 特别 像 国有 特别 像 啊 不会 逆向 的 你 放心 的 了 
242402644233_111 文档 不能 浓 的 浓 的话 身体 就 完蛋 了 那么 多 镶金 涂 上 就 完蛋 了 哈 来 主要 独 眼 膜 给 我 再发 过去 蛇毒 液 么 啊 没用 我 的 妈 啊 就是 这样的 人 挖 来一 吗 不吃 吗 
242402644233_112 啊 是 呀 他们 提到 肤色 的 美丽 记得 那个 维斯 在 六 号 左右 你 看 一下 我 帮 其他 在 底下 我 忘记 了 哪一个 啊 中间 发 的 优惠券 是 谁 的 啊 那个 学校 都 眼 膜 也 不 放开 
242402644233_113 让 我 接下 讲 二十 好 另 结 咯 好 啊 只要 多 眼 膜 有 券 啊 
242402644233_115 多 路 美眉 人类 什么时候 抄 啊 那 肯定 下 讲 的 日历 的 时候 充满 了 啥 啊 我 跟 你 说 待会儿 会 少 吗 那 肯定 下单 好 百度 对 我 来讲 这 只 啊 那个 这 一支 利 普赛 的 动感 
242402644233_116 粉 内部 失态 呢 他 是 暨南大学 的 官方 品牌 暨南大学 暨南大学 自己 做 这个 品牌 那 这 一只 的话 那 对于 痘 印 的 修复 非常 厉害 的 粉色 痘 印 修复 有 奇效 效果 有 多 厉害 呢 前面 我 一直 
242402644233_117 严明 奖惩 愤怒 对 一个 一个 时刻 甚 太 去 注意 伤口 愈合 第二 个 他 有 卵磷脂 包裹 渗透 能力 超 强 林 只是 包裹 接下来 的 三个 是 什么 第三 个 给 大家 看 一下 比赛 数据 图 就是 暨南大学 医药 中心 的 整个 
242402644233_118 实验 认证 图 用 一 盒 盒 两 盒 的 区别 大 来看 一下 的 洒脱 啊 看起来 一下 你 这边 喝 两 杯 啊 
242402644233_119 一边 
242402644233_120 看到 没有 上面 这 张 图 是 在 弥撒 检测 是 撒 不了 谎 呢 用 了 两 盒 真的 没有 而且 是 暨南大学 医药 中心 的 整个 时间 那 下面 这 张 三 周 的 痘 印 吗 
242402644233_121 没有 就 再 相信 他 都 看 的 到 没 啥 事 能 检测 到 你 的 整个 十几 层 真皮层 的 修复 痘 印 的 能力 非常 强大 实用 三 周 的 效果图 就 一定 是 这样子 是不是 很 厉害 下面 是 两 盒 的 
242402644233_122 效果图 啊 再说 了 三 周 的 时间 的 效果图 了 如果说 那 脸上 粉 痘 印 啊 就是 恶斗 的 以后 跟着 做完 真心 以后 你 全部 都 可以 用 这个 那个 的 冻 干粉 然后 这 就是 美 图 手机 
242402644233_123 美 图 手机 我们 公司 发 的 不好 用 
242402644233_124 啊 这 回 这 句 话 真 晚上 回家 吗 你 还要 那 美 图 手机 好不好 啊 禽兽 还要 好用 来 好看 拍照 我 都 没 钱 剩下 的 
