242535544782_029 昨天 发 的 东西 到了 我 的 力量 最 简单 的 时候 告诉 下 给 你 的 饭碗 吗 
242535544782_030 你 知道 吗 发 了 收 网 行动 等一下 嗯 是 吧 
242535544782_031 地 垫 哦 光 羽绒 被 的 感觉 特别 有 那个 然后 画 这个 会死 的 
242535544782_032 什么 没用 的 你们 下榻 的 酒店 就是 贵 了 我们 俩 属下 真的 贵 了 哦 贝 现在 还是 便宜 的 价格 真的 我们 家 就是 动 游荡 之前 到 我们 哦 我们 可 打折 卖 下来 还要 两百 玻璃 的 
242535544782_033 假如 现在 里面 的 两 版 我 买 这个 裤子 的 衣领 大一 院 然后 在 你 之前 的话 宝 们 一定要 记得 去 清理 一下 里面 的 卡片 包 又 有些 宝宝 的话 你们 的 卡 真 帮忙 的 好心 劝 你们 是 领 不到 的 和 你们 提前 先 赶快 去 清理 下 领导 靓女 的 
242535544782_034 的 工资 给 的 起 你我 的 面包 也 不 记 的 牢 的话 又 酸 又 发 那么 大 的 
242535544782_035 对了 你们 算 一下 这个 本身 就是 这样的 可能 就是 宝宝 领到 小 呆子 不穿 给 挨骂 的 赶紧 给 我 去死 吧 好 的话 那 该 怎么办 呢 要不 
242535544782_036 他 爸 就 说 了 因为 就是 我们 也是 想 让 大家 把 这 场 架 包装 清理 下 樱花 有请 过 这个 领到 的 就是 为 你们 好 大 知道 吗 对 事业 的 一个 声道 哦 然后 我们 和 你们 聊 
242535544782_037 的确 用 过 的话 也 都是 算 在 看着 你们 里面 的 只要 你们 没 确认 收货 他 都是 算 进去 的 宝妈 要 注意 了 也 不说 话 还是 有限 制 的 你们 可以 看 下 别家 的 饿 哦 直播 我 和 朋友 看 过 病 但是 我 没有 像 
242535544782_038 我们 家 发 了 过去 的 他们 只有 一个 就 我 看 有些 店 不 就 一个 五 块 钱 都 玩 不 转 不 花钱 的 就 只有 这个 人 救 我们 但 我们 八字 都 还 骂 我 干什么 啊 
242535544782_039 他 妈 带 的 项链 减 下来 的 我妈 的 一下 买 了 这 件 大衣 还有 一个 流感 对 他说 的 那个 是 好 啊 我们 见 
242535544782_040 马上 做 给 他 发 优惠券 了 三 下 把 邮箱 优惠券 哦 你 没 干 了 吧 又 想 优惠券 应该 不到 三百 米 长 都 没有 的话 那 没办法 了 的 
242535544782_041 我 的 下 理解 下 重 了 好 大方 的 后来 发现 优惠券 还好 吧 不要 离开 知道 吗 这样 好 的 好 的 我 这 三 
242535544782_042 一 大 瓶 的 过去 啊 我 装 他 都 很 傻 又 会 像 想法 这 就是 我们 祖国 的 花 呀 
242535544782_043 我 和 他 能 给 什么 就 能 把 他 给 不了 的话 我们 也 就 没办法 说 他 但 没有 壳 的 时候 也 不要 这么 自恋 好 吧 就这样 好 了 吧 然后 这个 代理 家具 产地 
242535544782_045 自己 穿 中 呆 着 不 败 了 对 自己 有了 喜欢 这 裤子 和 答应 都 自留 了 大衣 兜 了 两 秒 
242535544782_046 很 久 没有 上了 最 容不得 我 再 给 下游 戏 之类 的 大 把 大 川 一定 会 在下 降 
242535544782_047 我 说 这 件 事 大坝 一百 八十三 号 告诉 我 在 唱 过 我 该 穿 黑色 吧 
242535544782_048 嗯 我 奸 了 吧 和 卖 衣服 袋子 国家 那 就 花 了 宝宝 去 拍 下 哦 不能 是因为 你 用 的 券 已经 到达 了 一个 上限 了 吧 还 不错 哦 卡 券 帮办 了当 不说 先 亲 一下 
242535544782_049 鞋 包 吗 担心 也好 另 结 硕果 一般 就是 一般 就 直接 抢 的 你们 当 那 件 哦 我 对 他 的 脉象 内建 特别 推荐 出来 然后 一百 六十 
242535544782_050 好 吗 奥 钢筋 穿 多 的 各种 玩 的 就 去 干 的 我 刚才 那 肯定 会 结 的 婚 后 一起 下来 吧 看 一下 身上 这个 岛上 这个 就是 我们 
242535544782_051 其实 就是 一个 逼 逼 的 一个 比较 热门 的 一个 款式 然后 这样的 话 他 也是 一个 比较 后 大概 四 五 厘米 的 一个 哦 五 厘米 的 更 高 左右 然后 川菜 的话 就 比较 显 腿 啊 
242535544782_052 买 一 瓶 吖 既然 我 已经 买 到了 我们 将 已经 买 不到 的 卖完 了 吧 装 啥 啊 刀 是 吧 好 给 大家 穿 
242535544782_053 要 的 爱 夏 鸥 是 八 竿子 打 笑 羽绒服 啊 传 一下 吧 最近 出 的 一个 穿 羊绒 的 讲 的 就是 这个 坏 消息 一个 是 比较 慢 
242535544782_054 回家 穿上 都 想 用 下面 想 外面 啊 这不 是 小 贤 和 我 两个 姑娘 的 错 让 自己 喜欢 的 搞笑 
242535544782_055 手机 拍 效果 非常 显 瘦 显 腿 长 一 条 高腰 的 吧 然后 穿上 身上 的 最 让 我们 这些 年 我 觉得 还 满 干净 的 酸奶 就 蛮 清爽 的 样子 而且 塌方 
242535544782_056 卞 这个 面料 的话 他 是 有 那种 纹路 的 就 不 像 普通 一些 棉 服 之类 的 比较 恶劣 吃 姜 吃 很 有 质感 厚实 然后 他 的 毛 里 的话 都是 这么 一个 好 的 现成 的 就是 羽绒 免费 
242535544782_057 这个 牌子 对 羽绒 棉 的 一个 川菜 的话 还有 些 非常 非常 的 饱满 的 也是 很 软 用 的 最多 我们 六百 有一个 价格 的 配置 
