242496192762_020 正装 七十九 领到 薪水 优惠券 的 
242496192762_021 但是 他 这个 是 我们 科研人员 就是 三部曲 它 不单 单 只是 洗发水 他 是 一个 有 灵魂 的 然后 三部曲 是 真的 在 用心 
242496192762_022 一个 产品 毕竟 母亲 为 她 擦干 之后 头皮 上 或者 是 第一手 
242496192762_023 这 就是 他 的 一个 功效 是 九十 天 虽说 如果说 越来越 高 我 就 推荐 
242496192762_024 多 月 销量 不是 开玩笑 的 现在 的 优惠券 来 晚 了 二十 年 和 将来 我们 倒计时 三 二 一 拦 我 我 现在 后台 屏幕 正中 间 弹窗 
242496192762_025 百 元 优惠券 就是 我们 的 一个 六十二 宝贝 私房 图 系列 的 领到 的 骄傲 是 用户 这个 小伙 伴 们 记得 都 点击 领取 然后 同时 去 拍 我们 的 海 飞 丝 的 防 脱 洗 得 我们 如此 高端 的 我 觉得 现代 突发事件 
242496192762_026 这个问题 吧 其实 是 我们 中国 的 不管 任何 的 年龄 差 特别 是 现在 越来越 低 龄 化 我们 年轻人 很 困扰 一个 问题 就是 每个 年轻人 都会 关东 困扰 问题 碎 的话 不知道 只 知道 居然 真的 很好 用 用 
242496192762_027 你 是 秃头 少年 可是我 不是 你 是 打 
242496192762_028 只要 你们 现在 下单 去 拍 我们 在 直播 间 说 的 不管 订单 页面 详情 上面 有没有 显示 我们 这里 的话 是 会 一定 给 你 买 来 进行 这 是 你们 到手 拿 到 的话 一定 是 会 有 大 把 想 说 一下 我们 的 一个 舒肤佳 的 排 着 香皂 吧 然后 我们 的话 
242496192762_029 也是 一 晚 热度 非常 高 然后 非常 大 同时 的话 就是 呼声 很大 然后 很多 人 就 懂得 排 着 都 有 很大 的 一个 牌子 不知道 这个 
242496192762_030 我 来 我们 的 排 着 我 拍 桌 在 我们 的 影子 二十五 号 宝贝 链接 首先 第一 我 觉得 我 首先 第一 眼 被 他信 道 有 两个 点 一个 是 它 的 味道 很好 玩 是 他 让 我 惊艳 到 他 每一 个 的 味道 这种 味道 
242496192762_031 的 味道 都 好玩 每一 块 的 香 大动作 了 
242496192762_032 怎么 五颜六色 的 首先 的 就是 会 让 女孩子 吸引 住 了 不是 什么 伪造 这个 相当 好 特别 你 知道 我 师傅 家 是 一个 无名 道 然后 样子 非常 清廉 
242496192762_033 新 到 一个 品牌 然后 那 没有 人 想到 当晚 没有 一个人 是 没有 用 我 是 复杂 产品 的 脑子 最 早 接触 的 都是 想 着 然后 进入 我们 中国 市场 的 
242496192762_034 没有 用 噪杂 的 声音 相当 有 四 五 家 就是 那个 时候 能 用 香皂 就 感觉 自己 考 的 很 有潜力 很 高端 这个 刘 师傅 这样的 向导 是 有钱人 才能 用 的 貌似 不大 的 小 
242496192762_035 你 要 用 多大 的 相当 多 的 非常 的 长 高 的 一般 一个 品牌 如果 单 款 产品 之后 是 很 神秘 的 男人 或者 说是 看 过去 的 印象 变 差 的 礼物 的话 他 的话 
242496192762_036 一个 品牌 的 一个 教训 是非 常 重要 的 可是 拿 着 的话 我们 的 舒肤佳 就 致力 钻研 了 非常多 年 后来 升级 出 了 这样的 一 款 比较 大 更加 祭奠 进阶 版 然后 升级 版 更加 高端 版 的 我 不知道 那个 排 左 小 早 它 里面 的 
242496192762_037 但是 每一 款 比如 说 我们 的 咖啡 我 是 专门 的 咖啡 的 味道 红 石榴 是 专门 红 石榴 的 味道 他 为什么 找 牌 桌 牌 桌 顾名思义 就是 因为 他 整个 的 一个 捷径 去 污 能力 是非 常 非常 强 的 同事 他 不 像 是 我们 普通 的 一些 想到 的 
242496192762_038 用完 就 特别 是 冬天 的 时候 或者 在 北方 小伙 伴 用完 之后 会 有一个 感觉 皮肤 很 干 很 毛糙 的 一个 状态 他 的话 同时 还 兼具 了 这样子 的 一个 养父 有点 保湿 状态 你 洗 完 之后 似乎 觉得 整个 是 一个 非常 非常 滋润 然后 呢 
242496192762_039 不会 让 这 座 皮肤 有 非常 不舒适 的 状况 让 你 的 整个 的 即使 有一个 仅有 的 一个 功效 它 那么 直播 家族 环保部 人家 现在 的 二十 五号 宝贝 链接 价格 非常 优惠 你们 现在 直接 下单 去 拍 第二 件 半价 第三 套 
242496192762_040 五 块 钱 他 一套 拿走 三 件 拍 两 套 半价 拍 三 套 五 块 钱 你们 就 仗 着 我 更 着急 十三 套 三 套 拍 的话 是 会 最 划算 你们 三 套 的话 你们 到手 的话 
