242745142532_000 这个 影子 
242745142532_001 十三 号 的 硬盘 试 过 了 吗 时 到 硬盘 吗 我 对比 看 一下 较好 那是 哦 大部分 我 都 有 做到 一个 保卫 回放 了 吧 我 给 你 看 一下 我们 家的 十四 好 
242745142532_002 实在 是 不敢 的 事 我们 家里 迷雾 礼物 就 相当 是 一个 怕 呢 还是 夸奖 哦 进来 支部 建 在 着急 没 大 看 这里 也 关注 我 就是 好 姐妹 答 给 我们 上高 一 步 关注 点 一点 哈 上高 一 波 观点 一点 
242745142532_003 我 关注 了 我们 的 直播 间 也 可以 给 我们 加油 点点 站 今天 点赞 到了 那个 时候 呢 我们 就 可以 给 大家 来 抽 个 奖 啊 演 的 两 大 抽奖 抽 两个 小 细节 
242745142532_004 我 嘴巴 牵引 自己 太 正 了 你 妈 呀 好 红 哦 
